185 INFO: PyInstaller: 6.19.0, contrib hooks: 2026.0
185 INFO: Python: 3.10.6
196 INFO: Platform: Windows-10-10.0.22631-SP0
196 INFO: Python environment: c:\APLIKASI YANG DIBUAT\TELEGRAM MT5\.venv
202 INFO: Module search paths (PYTHONPATH):
['C:\\APLIKASI YANG DIBUAT\\TELEGRAM MT5\\.venv\\Scripts\\pyinstaller.exe',
 'C:\\Program Files\\Python310\\python310.zip',
 'C:\\Program Files\\Python310\\DLLs',
 'C:\\Program Files\\Python310\\lib',
 'C:\\Program Files\\Python310',
 'c:\\APLIKASI YANG DIBUAT\\TELEGRAM MT5\\.venv',
 'c:\\APLIKASI YANG DIBUAT\\TELEGRAM MT5\\.venv\\lib\\site-packages',
 'c:\\APLIKASI YANG DIBUAT\\TELEGRAM MT5\\.venv\\lib\\site-packages\\win32',
 'c:\\APLIKASI YANG DIBUAT\\TELEGRAM '
 'MT5\\.venv\\lib\\site-packages\\win32\\lib',
 'c:\\APLIKASI YANG DIBUAT\\TELEGRAM MT5\\.venv\\lib\\site-packages\\Pythonwin',
 'C:\\APLIKASI YANG DIBUAT\\TELEGRAM MT5']
723 INFO: Appending 'datas' from .spec
745 INFO: checking Analysis
841 INFO: Building because excludes changed
841 INFO: Looking for Python shared library...
841 INFO: Using Python shared library: C:\Program Files\Python310\python310.dll
841 INFO: Running Analysis Analysis-00.toc
841 INFO: Target bytecode optimization level: 1
841 INFO: Initializing module dependency graph...
844 INFO: Initializing module graph hook caches...
879 INFO: Analyzing modules for base_library.zip ...
1758 INFO: Processing standard module hook 'hook-heapq.py' from 'c:\\APLIKASI YANG DIBUAT\\TELEGRAM MT5\\.venv\\lib\\site-packages\\PyInstaller\\hooks'
1846 INFO: Processing standard module hook 'hook-encodings.py' from 'c:\\APLIKASI YANG DIBUAT\\TELEGRAM MT5\\.venv\\lib\\site-packages\\PyInstaller\\hooks'
3256 INFO: Processing standard module hook 'hook-pickle.py' from 'c:\\APLIKASI YANG DIBUAT\\TELEGRAM MT5\\.venv\\lib\\site-packages\\PyInstaller\\hooks'
4659 INFO: Caching module dependency graph...
4738 INFO: Analyzing C:\APLIKASI YANG DIBUAT\TELEGRAM MT5\src\gui.py
4859 INFO: Processing standard module hook 'hook-urllib3.py' from 'c:\\APLIKASI YANG DIBUAT\\TELEGRAM MT5\\.venv\\lib\\site-packages\\_pyinstaller_hooks_contrib\\stdhooks'
5150 INFO: Processing pre-safe-import-module hook 'hook-backports.py' from 'c:\\APLIKASI YANG DIBUAT\\TELEGRAM MT5\\.venv\\lib\\site-packages\\PyInstaller\\hooks\\pre_safe_import_module'
5152 INFO: SetuptoolsInfo: initializing cached setuptools info...
5893 INFO: Processing pre-safe-import-module hook 'hook-typing_extensions.py' from 'c:\\APLIKASI YANG DIBUAT\\TELEGRAM MT5\\.venv\\lib\\site-packages\\PyInstaller\\hooks\\pre_safe_import_module'
6161 INFO: Processing standard module hook 'hook-multiprocessing.util.py' from 'c:\\APLIKASI YANG DIBUAT\\TELEGRAM MT5\\.venv\\lib\\site-packages\\PyInstaller\\hooks'
6505 INFO: Processing standard module hook 'hook-_ctypes.py' from 'c:\\APLIKASI YANG DIBUAT\\TELEGRAM MT5\\.venv\\lib\\site-packages\\PyInstaller\\hooks'
8088 INFO: Processing standard module hook 'hook-charset_normalizer.py' from 'c:\\APLIKASI YANG DIBUAT\\TELEGRAM MT5\\.venv\\lib\\site-packages\\_pyinstaller_hooks_contrib\\stdhooks'
8211 INFO: Processing standard module hook 'hook-cryptography.py' from 'c:\\APLIKASI YANG DIBUAT\\TELEGRAM MT5\\.venv\\lib\\site-packages\\_pyinstaller_hooks_contrib\\stdhooks'
9308 INFO: hook-cryptography: cryptography does not seem to be using dynamically linked OpenSSL.
9638 INFO: Processing standard module hook 'hook-certifi.py' from 'c:\\APLIKASI YANG DIBUAT\\TELEGRAM MT5\\.venv\\lib\\site-packages\\_pyinstaller_hooks_contrib\\stdhooks'
9784 INFO: Processing standard module hook 'hook-customtkinter.py' from 'c:\\APLIKASI YANG DIBUAT\\TELEGRAM MT5\\.venv\\lib\\site-packages\\_pyinstaller_hooks_contrib\\stdhooks'
9906 INFO: Processing pre-find-module-path hook 'hook-tkinter.py' from 'c:\\APLIKASI YANG DIBUAT\\TELEGRAM MT5\\.venv\\lib\\site-packages\\PyInstaller\\hooks\\pre_find_module_path'
9908 INFO: TclTkInfo: initializing cached Tcl/Tk info...
10296 INFO: Processing standard module hook 'hook-_tkinter.py' from 'c:\\APLIKASI YANG DIBUAT\\TELEGRAM MT5\\.venv\\lib\\site-packages\\PyInstaller\\hooks'
10394 INFO: Processing standard module hook 'hook-platform.py' from 'c:\\APLIKASI YANG DIBUAT\\TELEGRAM MT5\\.venv\\lib\\site-packages\\PyInstaller\\hooks'
10400 INFO: Processing pre-safe-import-module hook 'hook-packaging.py' from 'c:\\APLIKASI YANG DIBUAT\\TELEGRAM MT5\\.venv\\lib\\site-packages\\PyInstaller\\hooks\\pre_safe_import_module'
10697 INFO: Processing standard module hook 'hook-PIL.py' from 'c:\\APLIKASI YANG DIBUAT\\TELEGRAM MT5\\.venv\\lib\\site-packages\\PyInstaller\\hooks'
10825 INFO: Processing standard module hook 'hook-PIL.Image.py' from 'c:\\APLIKASI YANG DIBUAT\\TELEGRAM MT5\\.venv\\lib\\site-packages\\PyInstaller\\hooks'
11221 INFO: Processing standard module hook 'hook-numpy.py' from 'c:\\APLIKASI YANG DIBUAT\\TELEGRAM MT5\\.venv\\lib\\site-packages\\PyInstaller\\hooks'
12123 INFO: Processing standard module hook 'hook-sysconfig.py' from 'c:\\APLIKASI YANG DIBUAT\\TELEGRAM MT5\\.venv\\lib\\site-packages\\PyInstaller\\hooks'
12224 INFO: Processing standard module hook 'hook-difflib.py' from 'c:\\APLIKASI YANG DIBUAT\\TELEGRAM MT5\\.venv\\lib\\site-packages\\PyInstaller\\hooks'
13788 INFO: Processing standard module hook 'hook-xml.py' from 'c:\\APLIKASI YANG DIBUAT\\TELEGRAM MT5\\.venv\\lib\\site-packages\\PyInstaller\\hooks'
13803 INFO: Processing standard module hook 'hook-xml.etree.cElementTree.py' from 'c:\\APLIKASI YANG DIBUAT\\TELEGRAM MT5\\.venv\\lib\\site-packages\\PyInstaller\\hooks'
14009 INFO: Processing standard module hook 'hook-PIL.ImageFilter.py' from 'c:\\APLIKASI YANG DIBUAT\\TELEGRAM MT5\\.venv\\lib\\site-packages\\PyInstaller\\hooks'
14562 INFO: Processing standard module hook 'hook-CTkMessagebox.py' from 'c:\\APLIKASI YANG DIBUAT\\TELEGRAM MT5\\.venv\\lib\\site-packages\\_pyinstaller_hooks_contrib\\stdhooks'
14611 INFO: Analyzing hidden import 'sqlite3'
14613 INFO: Processing standard module hook 'hook-sqlite3.py' from 'c:\\APLIKASI YANG DIBUAT\\TELEGRAM MT5\\.venv\\lib\\site-packages\\PyInstaller\\hooks'
14973 INFO: Analyzing hidden import 'pyrogram'
23815 INFO: Analyzing hidden import 'pysqlite2'
23817 ERROR: Hidden import 'pysqlite2' not found
23817 INFO: Processing module hooks (post-graph stage)...
24304 INFO: Processing standard module hook 'hook-PIL.SpiderImagePlugin.py' from 'c:\\APLIKASI YANG DIBUAT\\TELEGRAM MT5\\.venv\\lib\\site-packages\\PyInstaller\\hooks'
24417 INFO: Processing standard module hook 'hook-_tkinter.py' from 'c:\\APLIKASI YANG DIBUAT\\TELEGRAM MT5\\.venv\\lib\\site-packages\\PyInstaller\\hooks'
24473 INFO: Performing binary vs. data reclassification (1107 entries)
24655 INFO: Looking for ctypes DLLs
24669 WARNING: Ignoring AppKit.framework/AppKit imported from c:\APLIKASI YANG DIBUAT\TELEGRAM MT5\.venv\lib\site-packages\darkdetect\_mac_detect.py - only basenames are supported with ctypes imports!
24699 INFO: Analyzing run-time hooks ...
24724 INFO: Including run-time hook 'pyi_rth_pkgutil.py' from 'c:\\APLIKASI YANG DIBUAT\\TELEGRAM MT5\\.venv\\lib\\site-packages\\PyInstaller\\hooks\\rthooks'
24727 INFO: Including run-time hook 'pyi_rth_multiprocessing.py' from 'c:\\APLIKASI YANG DIBUAT\\TELEGRAM MT5\\.venv\\lib\\site-packages\\PyInstaller\\hooks\\rthooks'
24730 INFO: Including run-time hook 'pyi_rth_inspect.py' from 'c:\\APLIKASI YANG DIBUAT\\TELEGRAM MT5\\.venv\\lib\\site-packages\\PyInstaller\\hooks\\rthooks'
24734 INFO: Including run-time hook 'pyi_rth__tkinter.py' from 'c:\\APLIKASI YANG DIBUAT\\TELEGRAM MT5\\.venv\\lib\\site-packages\\PyInstaller\\hooks\\rthooks'
24736 INFO: Including run-time hook 'pyi_rth_cryptography_openssl.py' from 'c:\\APLIKASI YANG DIBUAT\\TELEGRAM MT5\\.venv\\lib\\site-packages\\_pyinstaller_hooks_contrib\\rthooks'
24863 INFO: Creating base_library.zip...
25109 INFO: Looking for dynamic libraries
28267 INFO: Extra DLL search directories (AddDllDirectory): ['c:\\APLIKASI YANG DIBUAT\\TELEGRAM MT5\\.venv\\lib\\site-packages\\numpy.libs']
28267 INFO: Extra DLL search directories (PATH): []
29627 INFO: Warnings written to C:\APLIKASI YANG DIBUAT\TELEGRAM MT5\build\ITC_Plus_AI_Enterprise\warn-ITC_Plus_AI_Enterprise.txt
30346 INFO: Graph cross-reference written to C:\APLIKASI YANG DIBUAT\TELEGRAM MT5\build\ITC_Plus_AI_Enterprise\xref-ITC_Plus_AI_Enterprise.html
30555 INFO: checking PYZ
30777 INFO: checking PKG
30809 INFO: Building because toc changed
30809 INFO: Building PKG (CArchive) ITC_Plus_AI_Enterprise.pkg
41307 INFO: Building PKG (CArchive) ITC_Plus_AI_Enterprise.pkg completed successfully.
41344 INFO: Bootloader c:\APLIKASI YANG DIBUAT\TELEGRAM MT5\.venv\lib\site-packages\PyInstaller\bootloader\Windows-64bit-intel\runw.exe
41344 INFO: checking EXE
41344 INFO: Building EXE because EXE-00.toc is non existent
41344 INFO: Building EXE from EXE-00.toc
Traceback (most recent call last):
  File "C:\Program Files\Python310\lib\runpy.py", line 196, in _run_module_as_main
    return _run_code(code, main_globals, None,
  File "C:\Program Files\Python310\lib\runpy.py", line 86, in _run_code
    exec(code, run_globals)
  File "C:\APLIKASI YANG DIBUAT\TELEGRAM MT5\.venv\Scripts\pyinstaller.exe\__main__.py", line 6, in <module>
  File "c:\APLIKASI YANG DIBUAT\TELEGRAM MT5\.venv\lib\site-packages\PyInstaller\__main__.py", line 231, in _console_script_run
    run()
  File "c:\APLIKASI YANG DIBUAT\TELEGRAM MT5\.venv\lib\site-packages\PyInstaller\__main__.py", line 215, in run
    run_build(pyi_config, spec_file, **vars(args))
  File "c:\APLIKASI YANG DIBUAT\TELEGRAM MT5\.venv\lib\site-packages\PyInstaller\__main__.py", line 70, in run_build
    PyInstaller.building.build_main.main(pyi_config, spec_file, **kwargs)
  File "c:\APLIKASI YANG DIBUAT\TELEGRAM MT5\.venv\lib\site-packages\PyInstaller\building\build_main.py", line 1275, in main
    build(specfile, distpath, workpath, clean_build)
  File "c:\APLIKASI YANG DIBUAT\TELEGRAM MT5\.venv\lib\site-packages\PyInstaller\building\build_main.py", line 1213, in build
    exec(code, spec_namespace)
  File "ITC_Plus_AI_Enterprise.spec", line 19, in <module>
    exe = EXE(
  File "c:\APLIKASI YANG DIBUAT\TELEGRAM MT5\.venv\lib\site-packages\PyInstaller\building\api.py", line 675, in __init__
    self.__postinit__()
  File "c:\APLIKASI YANG DIBUAT\TELEGRAM MT5\.venv\lib\site-packages\PyInstaller\building\datastruct.py", line 184, in __postinit__
    self.assemble()
  File "c:\APLIKASI YANG DIBUAT\TELEGRAM MT5\.venv\lib\site-packages\PyInstaller\building\api.py", line 769, in assemble
    os.remove(self.name)
PermissionError: [WinError 5] Access is denied: 'C:\\APLIKASI YANG DIBUAT\\TELEGRAM MT5\\dist\\ITC_Plus_AI_Enterprise.exe'
